RAM Allocation [bytes]
Variable                                                                          Address   Size
------------------------------------------------------------------------------------------------
tempX                                                                             0x05B7       4
tempY                                                                             0x05BB       4
buffer                                                                            0x05BF     512
firstDataSector                                                                   0x07BF       4
rootCluster                                                                       0x07C3       4
totalClusters                                                                     0x07C7       4
bytesPerSector                                                                    0x07CB       2
sectorPerCluster                                                                  0x07CD       2
reservedSectorCount                                                               0x07CF       2
freeClusterCountUpdated                                                           0x07D1       1
unusedSectors                                                                     0x07D2       4
rx_buffer0                                                                        0x07D6       8
rx_wr_index0                                                                      0x07DE       1
rx_rd_index0                                                                      0x07DF       1
rx_counter0                                                                       0x07E0       1
tx_buffer0                                                                        0x07E1       8
tx_wr_index0                                                                      0x07E9       1
tx_rd_index0                                                                      0x07EA       1
tx_counter0                                                                       0x07EB       1
rx_buffer1                                                                        0x07EC       8
rx_wr_index1                                                                      0x07F4       1
rx_rd_index1                                                                      0x07F5       1
rx_counter1                                                                       0x07F6       1
tx_buffer1                                                                        0x07F7       8
tx_wr_index1                                                                      0x07FF       1
tx_rd_index1                                                                      0x0800       1
tx_counter1                                                                       0x0801       1
BTN1_Y_Begin                                                                      0x0802       2
BTN1_Y_End                                                                        0x0804       2
BTN1_X_Begin                                                                      0x0806       2
BTN1_X_End                                                                        0x0808       2
BTN2_Y_Begin                                                                      0x080A       2
BTN2_Y_End                                                                        0x080C       2
BTN2_X_Begin                                                                      0x080E       2
BTN2_X_End                                                                        0x0810       2
BTN3_Y_Begin                                                                      0x0812       2
BTN3_Y_End                                                                        0x0814       2
BTN3_X_Begin                                                                      0x0816       2
BTN3_X_End                                                                        0x0818       2
BTN4_Y_Begin                                                                      0x081A       2
BTN4_Y_End                                                                        0x081C       2
BTN4_X_Begin                                                                      0x081E       2
BTN4_X_End                                                                        0x0820       2
Button_Pressed                                                                    0x0822       1
mSec                                                                              0x0823       2
SD_Ready                                                                          0x0825       1
error                                                                             0x0826       1
FAT32_active                                                                      0x0827       1
LEDGREEN_mSec                                                                     0x0828       2
LEDRED_mSec                                                                       0x082A       2
LEDBLUE_mSec                                                                      0x082C       2
LEDGREEN_max                                                                      0x082E       2
LEDRED_max                                                                        0x0830       2
LEDBLUE_max                                                                       0x0832       2
Pulse_X                                                                           0x0834       2
Pulse_Y_Last                                                                      0x0836       2
Pulse_mSec                                                                        0x0838       2
Pulse_Value                                                                       0x083A       2
Pulse_Counter                                                                     0x083C       2
Pulse_ScreenValue                                                                 0x083E       2
Pulse_Flag                                                                        0x0840       1
Pulse_ScreenFlag                                                                  0x0841       1
Cardio_X                                                                          0x0842       2
Cardio_Y_Last                                                                     0x0844       2
Cardio_Divider                                                                    0x0846       4
Parameter_Counter                                                                 0x084A       1
Alarm                                                                             0x084B       1
Battery_Discharged                                                                0x084C       1
State                                                                             0x084D       1
ScanLine_X                                                                        0x084E       2
Refresh_mSec                                                                      0x0850       2
ADC0                                                                              0x0852       2
Sleep_mSec                                                                        0x0854       2
Alarm_mSec                                                                        0x0856       2
_seed                                                                             0x0858       4

EEPROM Allocation [bytes]
Variable                                                                          Address   Size
------------------------------------------------------------------------------------------------
WorkParameters                                                                    0x0000       6
EEPROM_FLAG                                                                       0x0006       1

Register Allocation
Variable                                                                          Register  Size
------------------------------------------------------------------------------------------------
rtc_status                                                                        R5           1
rtc_alarm                                                                         R2.0      1bit
TOUCH_X                                                                           R6,R7        2
TOUCH_Y                                                                           R8,R9        2
TOUCH_X_LAST                                                                      R10,R11      2
TOUCH_Y_LAST                                                                      R12,R13      2
i                                                                                 R4           1
rx_buffer_overflow0                                                               R2.1      1bit
rx_buffer_overflow1                                                               R2.2      1bit

FLASH Allocation [words]
Function                                                                          Address   Size
------------------------------------------------------------------------------------------------
RotateByte                                                                        0x004EB     29
SSD1963_Reset                                                                     0x00508     12
SSD1963_WriteCmd_G000                                                             0x00514     13
SSD1963_WriteData_b8_G000                                                         0x00521     14
SSD1963_WriteData_b16_G000                                                        0x0052F     21
SSD1963_Init                                                                      0x00544    115
SSD1963_SetArea                                                                   0x005B7     24
SSD1963_ClearScreen                                                               0x005CF     43
SSD1963_PrintSymbol16                                                             0x005FA     51
SSD1963_PutChar16                                                                 0x0062D    422
SSD1963_PutString16                                                               0x007D3     28
SSD1963_DrawFastLine                                                              0x007EF     26
SSD1963_DrawLine                                                                  0x00809    180
SSD1963_DrawRect                                                                  0x008BD     56
SSD1963_DrawFillRect                                                              0x008F5     29
TSC2046_getADC_X                                                                  0x00912      9
TSC2046_getADC_Y                                                                  0x0091B      9
TSC2046_Stop                                                                      0x00924     20
TSC2046_getX                                                                      0x00938     19
TSC2046_getY                                                                      0x0094B     19
TSC2046_GetCoordinates                                                            0x0095E     24
TSC2046_Init                                                                      0x00976     20
usart0_rx_isr                                                                     0x0098A     41
getchar                                                                           0x009B3     30
usart0_tx_isr                                                                     0x009D1     28
putchar                                                                           0x009ED     41
usart1_rx_isr                                                                     0x00A16     43
usart1_tx_isr                                                                     0x00A41     34
SwitchPORTF                                                                       0x00A63     21
timer0_ovf_isr                                                                    0x00A78    165
GetButton                                                                         0x00B1D    101
Repaint_Button                                                                    0x00B82     72
Prepare_Screen                                                                    0x00BCA    177
Paint_Cardio                                                                      0x00C7B    163
PutParameterText                                                                  0x00D1E     66
main                                                                              0x00D60    498
spi                                                                               0x00F52      8
