RAM Allocation
Variable                                                          Address   Size
--------------------------------------------------------------------------------
tempX                                                             0x05B7       4
tempY                                                             0x05BB       4
buffer                                                            0x05BF     512
firstDataSector                                                   0x07BF       4
rootCluster                                                       0x07C3       4
totalClusters                                                     0x07C7       4
bytesPerSector                                                    0x07CB       2
sectorPerCluster                                                  0x07CD       2
reservedSectorCount                                               0x07CF       2
freeClusterCountUpdated                                           0x07D1       1
unusedSectors                                                     0x07D2       4
rx_buffer0                                                        0x07D6     240
rx_wr_index0                                                      0x08C6       1
rx_rd_index0                                                      0x08C7       1
rx_counter0                                                       0x08C8       1
tx_buffer0                                                        0x08C9       8
tx_wr_index0                                                      0x08D1       1
tx_rd_index0                                                      0x08D2       1
tx_counter0                                                       0x08D3       1
rx_buffer1                                                        0x08D4      32
rx_wr_index1                                                      0x08F4       1
rx_rd_index1                                                      0x08F5       1
rx_counter1                                                       0x08F6       1
tx_buffer1                                                        0x08F7     128
tx_wr_index1                                                      0x0977       1
tx_rd_index1                                                      0x0978       1
tx_counter1                                                       0x0979       1
BTN1_Y_Begin                                                      0x097A       2
BTN1_Y_End                                                        0x097C       2
BTN1_X_Begin                                                      0x097E       2
BTN1_X_End                                                        0x0980       2
BTN2_Y_Begin                                                      0x0982       2
BTN2_Y_End                                                        0x0984       2
BTN2_X_Begin                                                      0x0986       2
BTN2_X_End                                                        0x0988       2
BTN3_Y_Begin                                                      0x098A       2
BTN3_Y_End                                                        0x098C       2
BTN3_X_Begin                                                      0x098E       2
BTN3_X_End                                                        0x0990       2
BTN4_Y_Begin                                                      0x0992       2
BTN4_Y_End                                                        0x0994       2
BTN4_X_Begin                                                      0x0996       2
BTN4_X_End                                                        0x0998       2
Button_Pressed                                                    0x099A       1
mSec                                                              0x099B       2
SD_Ready                                                          0x099D       1
error                                                             0x099E       1
FAT32_active                                                      0x099F       1
LEDGREEN_mSec                                                     0x09A0       2
LEDRED_mSec                                                       0x09A2       2
LEDBLUE_mSec                                                      0x09A4       2
LEDGREEN_max                                                      0x09A6       2
LEDRED_max                                                        0x09A8       2
LEDBLUE_max                                                       0x09AA       2
Pulse_X                                                           0x09AC       2
Pulse_Y_Last                                                      0x09AE       2
Pulse_mSec                                                        0x09B0       2
Pulse_Value                                                       0x09B2       2
Pulse_Counter                                                     0x09B4       2
Pulse_ScreenValue                                                 0x09B6       2
Pulse_Flag                                                        0x09B8       1
Pulse_ScreenFlag                                                  0x09B9       1
Cardio_X                                                          0x09BA       2
Cardio_Y_Last                                                     0x09BC       2
Cardio_Divider                                                    0x09BE       4
Parameter_Counter                                                 0x09C2       1
Alarm                                                             0x09C3       1
Battery_Discharged                                                0x09C4       1
State                                                             0x09C5       1
ScanLine_X                                                        0x09C6       2
Refresh_mSec                                                      0x09C8       2
Sleep_mSec                                                        0x09CA       2
Alarm_mSec                                                        0x09CC       2
WaitADC_mSec                                                      0x09CE       2
ValueLast                                                         0x09D0       6
multiplier                                                        0x09D6       2
_seed                                                             0x09D8       4

EEPROM Allocation
Variable                                                          Address   Size
--------------------------------------------------------------------------------
WorkParameters                                                    0x0000       6
EEPROM_FLAG                                                       0x0006       1

Register Allocation
Variable                                                          Register  Size
--------------------------------------------------------------------------------
rtc_status                                                        R5           1
rtc_alarm                                                         R2.0      1bit
TOUCH_X                                                           R6,R7        2
TOUCH_Y                                                           R8,R9        2
TOUCH_X_LAST                                                      R10,R11      2
TOUCH_Y_LAST                                                      R12,R13      2
i                                                                 R4           1
rx_buffer_overflow0                                               R2.1      1bit
rx_buffer_overflow1                                               R2.2      1bit
