RAM Allocation
Variable                                                          Address   Size
--------------------------------------------------------------------------------
tempX                                                             0x05B7       4
tempY                                                             0x05BB       4
buffer                                                            0x05BF     512
firstDataSector                                                   0x07BF       4
rootCluster                                                       0x07C3       4
totalClusters                                                     0x07C7       4
bytesPerSector                                                    0x07CB       2
sectorPerCluster                                                  0x07CD       2
reservedSectorCount                                               0x07CF       2
freeClusterCountUpdated                                           0x07D1       1
unusedSectors                                                     0x07D2       4
rx_buffer0                                                        0x07D6     128
rx_wr_index0                                                      0x0856       1
rx_rd_index0                                                      0x0857       1
rx_counter0                                                       0x0858       1
tx_buffer0                                                        0x0859       8
tx_wr_index0                                                      0x0861       1
tx_rd_index0                                                      0x0862       1
tx_counter0                                                       0x0863       1
rx_buffer1                                                        0x0864      32
rx_wr_index1                                                      0x0884       1
rx_rd_index1                                                      0x0885       1
rx_counter1                                                       0x0886       1
tx_buffer1                                                        0x0887     128
tx_wr_index1                                                      0x0907       1
tx_rd_index1                                                      0x0908       1
tx_counter1                                                       0x0909       1
BTN1_Y_Begin                                                      0x090A       2
BTN1_Y_End                                                        0x090C       2
BTN1_X_Begin                                                      0x090E       2
BTN1_X_End                                                        0x0910       2
BTN2_Y_Begin                                                      0x0912       2
BTN2_Y_End                                                        0x0914       2
BTN2_X_Begin                                                      0x0916       2
BTN2_X_End                                                        0x0918       2
BTN3_Y_Begin                                                      0x091A       2
BTN3_Y_End                                                        0x091C       2
BTN3_X_Begin                                                      0x091E       2
BTN3_X_End                                                        0x0920       2
BTN4_Y_Begin                                                      0x0922       2
BTN4_Y_End                                                        0x0924       2
BTN4_X_Begin                                                      0x0926       2
BTN4_X_End                                                        0x0928       2
Button_Pressed                                                    0x092A       1
mSec                                                              0x092B       2
SD_Ready                                                          0x092D       1
error                                                             0x092E       1
FAT32_active                                                      0x092F       1
LEDGREEN_mSec                                                     0x0930       2
LEDRED_mSec                                                       0x0932       2
LEDBLUE_mSec                                                      0x0934       2
LEDGREEN_max                                                      0x0936       2
LEDRED_max                                                        0x0938       2
LEDBLUE_max                                                       0x093A       2
Pulse_X                                                           0x093C       2
Pulse_Y_Last                                                      0x093E       2
Pulse_mSec                                                        0x0940       2
Pulse_Value                                                       0x0942       2
Pulse_Counter                                                     0x0944       2
Pulse_ScreenValue                                                 0x0946       2
Pulse_Flag                                                        0x0948       1
Pulse_ScreenFlag                                                  0x0949       1
Cardio_X                                                          0x094A       2
Cardio_Y_Last                                                     0x094C       2
Cardio_Divider                                                    0x094E       4
Parameter_Counter                                                 0x0952       1
Alarm                                                             0x0953       1
Battery_Discharged                                                0x0954       1
State                                                             0x0955       1
ScanLine_X                                                        0x0956       2
Refresh_mSec                                                      0x0958       2
Sleep_mSec                                                        0x095A       2
Alarm_mSec                                                        0x095C       2
WaitADC_mSec                                                      0x095E       2
ValueLast                                                         0x0960       6
multiplier                                                        0x0966       2
_seed                                                             0x0968       4

EEPROM Allocation
Variable                                                          Address   Size
--------------------------------------------------------------------------------
WorkParameters                                                    0x0000       6
EEPROM_FLAG                                                       0x0006       1

Register Allocation
Variable                                                          Register  Size
--------------------------------------------------------------------------------
rtc_status                                                        R5           1
rtc_alarm                                                         R2.0      1bit
TOUCH_X                                                           R6,R7        2
TOUCH_Y                                                           R8,R9        2
TOUCH_X_LAST                                                      R10,R11      2
TOUCH_Y_LAST                                                      R12,R13      2
i                                                                 R4           1
rx_buffer_overflow0                                               R2.1      1bit
rx_buffer_overflow1                                               R2.2      1bit
