RAM Allocation
Variable                                                          Address   Size
--------------------------------------------------------------------------------
tempX                                                             0x0612       4
tempY                                                             0x0616       4
rx_buffer2                                                        0x061A      20
rx_counter2                                                       0x062E       1
uart_swap                                                         0x062F       1
rx_buffer0                                                        0x0630     256
rx_wr_index0                                                      0x0730       1
rx_rd_index0                                                      0x0731       1
rx_counter0                                                       0x0732       1
tx_buffer0                                                        0x0733       8
tx_wr_index0                                                      0x073B       1
tx_rd_index0                                                      0x073C       1
tx_counter0                                                       0x073D       1
rx_buffer1                                                        0x073E      32
rx_wr_index1                                                      0x075E       1
rx_rd_index1                                                      0x075F       1
rx_counter1                                                       0x0760       1
tx_buffer1                                                        0x0761      64
tx_wr_index1                                                      0x07A1       1
tx_rd_index1                                                      0x07A2       1
tx_counter1                                                       0x07A3       1
State                                                             0x07A4       1
ParameterState                                                    0x07A5       1
ValueState                                                        0x07A6       1
GraphState                                                        0x07A7       1
ConfigState                                                       0x07A8       1
WaitADC_mSec                                                      0x07A9       2
ValueUpd_mSec                                                     0x07AB       2
GraphUpd_mSec                                                     0x07AD       2
GraphUpdTime                                                      0x07AF       2
Graph_X                                                           0x07B1       2
Amplitude                                                         0x07B3       6
ValueLast                                                         0x07B9       6

EEPROM Allocation
Variable                                                          Address   Size
--------------------------------------------------------------------------------

Register Allocation
Variable                                                          Register  Size
--------------------------------------------------------------------------------
TOUCH_X                                                           R4,R5        2
TOUCH_Y                                                           R6,R7        2
TOUCH_X_LAST                                                      R8,R9        2
TOUCH_Y_LAST                                                      R10,R11      2
rx_wr_index2                                                      R13          1
rx_rd_index2                                                      R12          1
rx_buffer_overflow0                                               R2.0      1bit
rx_buffer_overflow1                                               R2.1      1bit
