RAM Allocation
Variable                                                          Address   Size
--------------------------------------------------------------------------------
tempX                                                             0x0630       4
tempY                                                             0x0634       4
rx_buffer1                                                        0x0638      32
rx_counter1                                                       0x0658       1
rx_buffer_overflow1                                               0x0659       1
tx_buffer1                                                        0x065A      64
tx_wr_index1                                                      0x069A       1
tx_rd_index1                                                      0x069B       1
tx_counter1                                                       0x069C       1
uchCRCHi                                                          0x069D       1
uchCRCLo                                                          0x069E       1
isNewData                                                         0x069F       1
transmitStatus                                                    0x06A0       1
transmitDelayMs                                                   0x06A1       1
tx_current_counter                                                0x06A2       1
rx_buffer2                                                        0x06A3      20
rx_wr_index2                                                      0x06B7       1
rx_rd_index2                                                      0x06B8       1
rx_counter2                                                       0x06B9       1
uart_swap                                                         0x06BA       1
rx_buffer0                                                        0x06BB     255
rx_wr_index0                                                      0x07BA       1
rx_rd_index0                                                      0x07BB       1
rx_counter0                                                       0x07BC       1
rx_buffer_overflow0                                               0x07BD       1
tx_buffer0                                                        0x07BE       8
tx_wr_index0                                                      0x07C6       1
tx_rd_index0                                                      0x07C7       1
tx_counter0                                                       0x07C8       1
State                                                             0x07C9       1
ParameterState                                                    0x07CA       1
ValueState                                                        0x07CB       1
GraphState                                                        0x07CC       1
ConfigState                                                       0x07CD       1
Touch_mSec                                                        0x07CE       2
ValueUpd_mSec                                                     0x07D0       2
GraphUpd_mSec                                                     0x07D2       2
GraphUpdTime                                                      0x07D4       2
Graph_X                                                           0x07D6       2
ValueLast                                                         0x07D8       6
ConfigValue                                                       0x07DE      24
old_confVal                                                       0x07F6       2

EEPROM Allocation
Variable                                                          Address   Size
--------------------------------------------------------------------------------
ConfigValue_mem                                                   0x0000       6

Register Allocation
Variable                                                          Register  Size
--------------------------------------------------------------------------------
TOUCH_X                                                           R4,R5        2
TOUCH_Y                                                           R6,R7        2
TOUCH_X_LAST                                                      R8,R9        2
TOUCH_Y_LAST                                                      R10,R11      2
rx_wr_index1                                                      R13          1
rx_rd_index1                                                      R12          1
