RAM Allocation
Variable                                                          Address   Size
--------------------------------------------------------------------------------
rx_buffer                                                         0x0160       4
adc_data                                                          0x0164     640
adc_current                                                       0x03E4      32
adc_real                                                          0x0404      32
adc_count                                                         0x0424       8
s_val                                                             0x042C       8
isRising                                                          0x0434       8
isUpdate                                                          0x043C       8

EEPROM Allocation
Variable                                                          Address   Size
--------------------------------------------------------------------------------

Register Allocation
Variable                                                          Register  Size
--------------------------------------------------------------------------------
rx_wr_index                                                       R5           1
rx_rd_index                                                       R4           1
rx_counter                                                        R7           1
rx_buffer_overflow                                                R2.0      1bit
adc_temp                                                          R6           1
adc_rd_input                                                      R9           1
adc_wr_input                                                      R8           1
adc_wr_index                                                      R11          1
adc_rd_index                                                      R10          1
last_time                                                         R12,R13      2
